1.000000000000000000e+01
1.000000000000000000e+04
1.000000000000000036e-10
9.900000000000000000e+01
9.700000000000000000e+01
9.300000000000000000e+01
8.300000000000000000e+01
8.100000000000000000e+01
7.100000000000000000e+01
-6.600000000000000000e+01
6.300000000000000000e+01
-5.200000000000000000e+01
-2.200000000000000000e+01
