1.000000000000000000e+01
1.000000000000000000e+04
1.000000000000000036e-10
9.300000000000000000e+01
7.000000000000000000e+01
6.300000000000000000e+01
6.200000000000000000e+01
5.900000000000000000e+01
5.800000000000000000e+01
5.700000000000000000e+01
4.600000000000000000e+01
3.800000000000000000e+01
8.000000000000000000e+00
