1.000000000000000000e+01
1.000000000000000000e+04
1.000000000000000036e-10
-9.600000000000000000e+01
8.900000000000000000e+01
7.700000000000000000e+01
-7.600000000000000000e+01
-6.800000000000000000e+01
-5.400000000000000000e+01
-2.400000000000000000e+01
-2.200000000000000000e+01
-1.600000000000000000e+01
1.300000000000000000e+01
