1.000000000000000000e+01
1.000000000000000000e+04
1.000000000000000036e-10
9.300000000000002842e+01
8.400000000000000000e+01
7.799999999999998579e+01
6.000000000000000711e+01
5.800000000000000000e+01
5.199999999999999289e+01
4.700000000000001421e+01
3.700000000000002132e+01
1.500000000000001066e+01
1.200000000000000178e+01
