1.000000000000000000e+01
1.000000000000000000e+04
1.000000000000000036e-10
2.635359694314503577e+05
1.976202053351561699e+04
1.347927534708149506e+04
1.082972560253635493e+04
7.030733418720449663e+03
1.785594972339408741e+03
9.388547431478618819e+02
8.042623340194063530e+02
4.770116328086679687e+02
5.255198438040119413e+01
