9.870000000000000000e+02
-9.720000000000000000e+02
-9.460000000000000000e+02
9.430000000000000000e+02
-8.900000000000000000e+02
-8.460000000000000000e+02
8.130000000000000000e+02
7.190000000000000000e+02
-6.500000000000000000e+02
5.690000000000000000e+02
-5.380000000000000000e+02
-5.220000000000000000e+02
4.130000000000000000e+02
-4.040000000000000000e+02
-3.880000000000000000e+02
3.450000000000000000e+02
1.570000000000000000e+02
1.170000000000000000e+02
1.070000000000000000e+02
-8.000000000000000000e+00
