-9.800000000000000000e+02
-8.880000000000000000e+02
8.710000000000000000e+02
8.470000000000000000e+02
8.430000000000000000e+02
-8.260000000000000000e+02
-7.760000000000000000e+02
7.590000000000000000e+02
6.610000000000000000e+02
-4.060000000000000000e+02
3.170000000000000000e+02
-3.120000000000000000e+02
2.310000000000000000e+02
-1.780000000000000000e+02
-1.660000000000000000e+02
1.550000000000000000e+02
-7.400000000000000000e+01
4.300000000000000000e+01
-4.200000000000000000e+01
3.300000000000000000e+01
