-9.680000000000000000e+02
9.110000000000000000e+02
-9.040000000000000000e+02
-8.360000000000000000e+02
-7.560000000000000000e+02
7.190000000000000000e+02
6.870000000000000000e+02
6.370000000000000000e+02
-6.300000000000000000e+02
-6.220000000000000000e+02
-5.700000000000000000e+02
5.010000000000000000e+02
4.330000000000000000e+02
3.550000000000000000e+02
3.190000000000000000e+02
-1.380000000000000000e+02
-1.340000000000000000e+02
-1.320000000000000000e+02
-8.800000000000000000e+01
6.100000000000000000e+01
