9.170000000000000000e+02
-8.920000000000000000e+02
-8.640000000000000000e+02
7.710000000000000000e+02
7.450000000000000000e+02
-6.440000000000000000e+02
5.690000000000000000e+02
-5.220000000000000000e+02
-5.180000000000000000e+02
4.490000000000000000e+02
-4.240000000000000000e+02
-3.300000000000000000e+02
-2.800000000000000000e+02
2.050000000000000000e+02
1.750000000000000000e+02
1.710000000000000000e+02
-1.260000000000000000e+02
9.500000000000000000e+01
8.300000000000000000e+01
-4.200000000000000000e+01
