9.030000000000000000e+02
-8.760000000000000000e+02
8.170000000000000000e+02
-7.700000000000000000e+02
-7.640000000000000000e+02
7.590000000000000000e+02
7.490000000000000000e+02
6.470000000000000000e+02
-6.240000000000000000e+02
5.430000000000000000e+02
4.890000000000000000e+02
4.410000000000000000e+02
3.090000000000000000e+02
3.010000000000000000e+02
-2.060000000000000000e+02
-1.560000000000000000e+02
9.900000000000000000e+01
6.300000000000000000e+01
6.100000000000000000e+01
-1.000000000000000000e+01
