-8.940000000000000000e+02
-7.200000000000000000e+02
5.710000000000000000e+02
5.650000000000000000e+02
-5.560000000000000000e+02
5.510000000000000000e+02
-4.920000000000000000e+02
4.810000000000000000e+02
-4.340000000000000000e+02
-2.920000000000000000e+02
2.650000000000000000e+02
2.530000000000000000e+02
2.310000000000000000e+02
-2.220000000000000000e+02
1.350000000000000000e+02
-9.600000000000000000e+01
-9.000000000000000000e+01
-6.600000000000000000e+01
3.900000000000000000e+01
1.100000000000000000e+01
