-9.800000000000000000e+02
-9.780000000000000000e+02
-8.800000000000000000e+02
-8.280000000000000000e+02
7.750000000000000000e+02
-7.300000000000000000e+02
5.370000000000000000e+02
5.270000000000000000e+02
4.450000000000000000e+02
3.190000000000000000e+02
-2.580000000000000000e+02
2.350000000000000000e+02
2.330000000000000000e+02
2.310000000000000000e+02
2.050000000000000000e+02
-1.560000000000000000e+02
1.450000000000000000e+02
7.500000000000000000e+01
-6.800000000000000000e+01
1.300000000000000000e+01
