-8.860000000000000000e+02
8.850000000000000000e+02
-8.540000000000000000e+02
8.230000000000000000e+02
-8.160000000000000000e+02
-7.520000000000000000e+02
5.330000000000000000e+02
4.370000000000000000e+02
4.270000000000000000e+02
-4.120000000000000000e+02
4.090000000000000000e+02
3.810000000000000000e+02
-3.620000000000000000e+02
-2.980000000000000000e+02
2.650000000000000000e+02
-2.160000000000000000e+02
-1.620000000000000000e+02
-1.260000000000000000e+02
-1.180000000000000000e+02
4.900000000000000000e+01
