9.570000000000000000e+02
-8.100000000000000000e+02
-7.800000000000000000e+02
-7.580000000000000000e+02
7.250000000000000000e+02
7.130000000000000000e+02
-6.960000000000000000e+02
6.790000000000000000e+02
6.510000000000000000e+02
-6.240000000000000000e+02
3.830000000000000000e+02
3.430000000000000000e+02
-2.720000000000000000e+02
2.430000000000000000e+02
2.250000000000000000e+02
-1.560000000000000000e+02
1.090000000000000000e+02
7.700000000000000000e+01
5.100000000000000000e+01
-4.600000000000000000e+01
