9.770000000000000000e+02
-9.160000000000000000e+02
-8.120000000000000000e+02
7.670000000000000000e+02
-6.840000000000000000e+02
6.730000000000000000e+02
6.510000000000000000e+02
-5.900000000000000000e+02
5.790000000000000000e+02
5.590000000000000000e+02
5.350000000000000000e+02
-5.060000000000000000e+02
-4.480000000000000000e+02
-3.860000000000000000e+02
-3.320000000000000000e+02
-2.520000000000000000e+02
-2.300000000000000000e+02
2.170000000000000000e+02
1.590000000000000000e+02
-2.400000000000000000e+01
