-9.900000000000000000e+02
9.410000000000000000e+02
-9.040000000000000000e+02
-8.640000000000000000e+02
8.610000000000000000e+02
-8.160000000000000000e+02
-7.580000000000000000e+02
6.790000000000000000e+02
-6.160000000000000000e+02
5.110000000000000000e+02
-4.800000000000000000e+02
-4.500000000000000000e+02
-4.480000000000000000e+02
-4.460000000000000000e+02
-2.560000000000000000e+02
-2.400000000000000000e+02
-1.100000000000000000e+02
8.500000000000000000e+01
5.300000000000000000e+01
-2.800000000000000000e+01
