9.570000000000000000e+02
9.270000000000000000e+02
8.570000000000000000e+02
-8.420000000000000000e+02
-8.080000000000000000e+02
7.870000000000000000e+02
-7.720000000000000000e+02
-7.580000000000000000e+02
5.830000000000000000e+02
-5.160000000000000000e+02
4.970000000000000000e+02
-4.580000000000000000e+02
4.410000000000000000e+02
-2.840000000000000000e+02
-2.480000000000000000e+02
1.270000000000000000e+02
-9.000000000000000000e+01
6.300000000000000000e+01
-2.000000000000000000e+01
1.700000000000000000e+01
