-9.060000000000000000e+02
8.610000000000000000e+02
8.030000000000000000e+02
-6.260000000000000000e+02
-5.960000000000000000e+02
-5.420000000000000000e+02
5.090000000000000000e+02
5.070000000000000000e+02
-4.280000000000000000e+02
-3.300000000000000000e+02
-2.820000000000000000e+02
2.810000000000000000e+02
-2.600000000000000000e+02
-2.080000000000000000e+02
1.690000000000000000e+02
1.490000000000000000e+02
9.900000000000000000e+01
-1.400000000000000000e+01
-8.000000000000000000e+00
5.000000000000000000e+00
