9.470000000000000000e+02
8.550000000000000000e+02
7.610000000000000000e+02
7.430000000000000000e+02
-7.380000000000000000e+02
6.970000000000000000e+02
-6.560000000000000000e+02
-5.680000000000000000e+02
-4.860000000000000000e+02
-4.740000000000000000e+02
-4.660000000000000000e+02
4.010000000000000000e+02
3.810000000000000000e+02
-3.640000000000000000e+02
2.410000000000000000e+02
1.910000000000000000e+02
-1.740000000000000000e+02
-1.720000000000000000e+02
-1.560000000000000000e+02
-3.000000000000000000e+01
