-9.440000000000000000e+02
-7.720000000000000000e+02
7.610000000000000000e+02
6.530000000000000000e+02
-6.060000000000000000e+02
-5.520000000000000000e+02
5.090000000000000000e+02
4.370000000000000000e+02
3.930000000000000000e+02
-3.700000000000000000e+02
-3.240000000000000000e+02
3.010000000000000000e+02
2.610000000000000000e+02
1.810000000000000000e+02
-1.720000000000000000e+02
-1.680000000000000000e+02
-1.300000000000000000e+02
-3.800000000000000000e+01
3.500000000000000000e+01
-3.200000000000000000e+01
