8.510000000000000000e+02
-7.800000000000000000e+02
-7.480000000000000000e+02
7.130000000000000000e+02
6.690000000000000000e+02
-6.620000000000000000e+02
4.310000000000000000e+02
4.250000000000000000e+02
-4.200000000000000000e+02
3.790000000000000000e+02
2.510000000000000000e+02
-2.340000000000000000e+02
2.070000000000000000e+02
-1.880000000000000000e+02
-1.240000000000000000e+02
9.900000000000000000e+01
5.900000000000000000e+01
3.300000000000000000e+01
1.700000000000000000e+01
-1.600000000000000000e+01
