9.310000000000000000e+02
-9.200000000000000000e+02
-9.120000000000000000e+02
-7.740000000000000000e+02
-7.720000000000000000e+02
6.350000000000000000e+02
5.650000000000000000e+02
-4.460000000000000000e+02
4.190000000000000000e+02
-4.100000000000000000e+02
3.850000000000000000e+02
-3.300000000000000000e+02
2.390000000000000000e+02
1.970000000000000000e+02
-1.740000000000000000e+02
-1.500000000000000000e+02
-1.460000000000000000e+02
-1.420000000000000000e+02
1.010000000000000000e+02
-4.600000000000000000e+01
