-9.720000000000000000e+02
8.310000000000000000e+02
7.270000000000000000e+02
6.990000000000000000e+02
-6.840000000000000000e+02
6.310000000000000000e+02
6.070000000000000000e+02
6.050000000000000000e+02
5.350000000000000000e+02
4.290000000000000000e+02
-4.220000000000000000e+02
-3.180000000000000000e+02
-2.660000000000000000e+02
-2.440000000000000000e+02
2.310000000000000000e+02
-2.000000000000000000e+02
-1.740000000000000000e+02
1.530000000000000000e+02
8.700000000000000000e+01
1.500000000000000000e+01
