-8.600000000000000000e+02
-8.520000000000000000e+02
8.030000000000000000e+02
7.430000000000000000e+02
-7.360000000000000000e+02
-7.280000000000000000e+02
6.990000000000000000e+02
5.910000000000000000e+02
-5.800000000000000000e+02
-5.640000000000000000e+02
5.630000000000000000e+02
5.230000000000000000e+02
-4.500000000000000000e+02
3.490000000000000000e+02
-3.360000000000000000e+02
3.250000000000000000e+02
1.670000000000000000e+02
1.090000000000000000e+02
-6.400000000000000000e+01
5.100000000000000000e+01
