-9.900000000000000000e+02
9.790000000000000000e+02
9.310000000000000000e+02
9.190000000000000000e+02
7.990000000000000000e+02
7.190000000000000000e+02
6.370000000000000000e+02
4.910000000000000000e+02
-4.640000000000000000e+02
-4.600000000000000000e+02
4.010000000000000000e+02
3.470000000000000000e+02
-3.140000000000000000e+02
-2.640000000000000000e+02
2.090000000000000000e+02
1.510000000000000000e+02
1.290000000000000000e+02
1.150000000000000000e+02
5.700000000000000000e+01
-2.000000000000000000e+01
