-9.020000000000000000e+02
7.910000000000000000e+02
7.510000000000000000e+02
-7.340000000000000000e+02
7.090000000000000000e+02
-7.040000000000000000e+02
-6.980000000000000000e+02
-6.500000000000000000e+02
5.810000000000000000e+02
-5.520000000000000000e+02
5.270000000000000000e+02
-4.920000000000000000e+02
-4.080000000000000000e+02
-3.980000000000000000e+02
-3.160000000000000000e+02
-2.000000000000000000e+02
-1.160000000000000000e+02
-8.200000000000000000e+01
4.500000000000000000e+01
1.300000000000000000e+01
