-9.780000000000000000e+02
9.130000000000000000e+02
9.110000000000000000e+02
8.890000000000000000e+02
-7.600000000000000000e+02
-7.580000000000000000e+02
6.910000000000000000e+02
6.830000000000000000e+02
-6.540000000000000000e+02
6.290000000000000000e+02
-6.180000000000000000e+02
5.450000000000000000e+02
-5.400000000000000000e+02
5.190000000000000000e+02
3.190000000000000000e+02
-2.520000000000000000e+02
-2.160000000000000000e+02
-1.660000000000000000e+02
-1.620000000000000000e+02
8.900000000000000000e+01
