-8.900000000000000000e+02
-8.680000000000000000e+02
8.310000000000000000e+02
8.190000000000000000e+02
-8.180000000000000000e+02
8.070000000000000000e+02
-7.520000000000000000e+02
-6.680000000000000000e+02
6.030000000000000000e+02
-5.600000000000000000e+02
-4.340000000000000000e+02
4.290000000000000000e+02
-4.260000000000000000e+02
2.730000000000000000e+02
-2.240000000000000000e+02
-2.180000000000000000e+02
1.970000000000000000e+02
1.650000000000000000e+02
-1.200000000000000000e+02
-8.000000000000000000e+01
