-7.840000000000000000e+02
-7.640000000000000000e+02
7.150000000000000000e+02
-6.880000000000000000e+02
-6.560000000000000000e+02
5.950000000000000000e+02
5.410000000000000000e+02
-4.760000000000000000e+02
3.950000000000000000e+02
3.730000000000000000e+02
-3.500000000000000000e+02
2.870000000000000000e+02
2.750000000000000000e+02
-2.740000000000000000e+02
2.290000000000000000e+02
1.010000000000000000e+02
-9.600000000000000000e+01
8.500000000000000000e+01
7.700000000000000000e+01
-1.000000000000000000e+01
