-9.080000000000000000e+02
9.070000000000000000e+02
8.550000000000000000e+02
-8.180000000000000000e+02
7.610000000000000000e+02
-7.460000000000000000e+02
-7.300000000000000000e+02
-6.540000000000000000e+02
-6.160000000000000000e+02
5.190000000000000000e+02
-4.720000000000000000e+02
4.710000000000000000e+02
-4.000000000000000000e+02
3.810000000000000000e+02
-3.680000000000000000e+02
-2.920000000000000000e+02
-2.460000000000000000e+02
-2.180000000000000000e+02
1.410000000000000000e+02
1.330000000000000000e+02
