9.690000000000000000e+02
-9.540000000000000000e+02
9.210000000000000000e+02
-9.040000000000000000e+02
-7.080000000000000000e+02
6.430000000000000000e+02
5.530000000000000000e+02
-4.900000000000000000e+02
-4.780000000000000000e+02
4.570000000000000000e+02
4.130000000000000000e+02
3.710000000000000000e+02
3.550000000000000000e+02
3.430000000000000000e+02
-3.340000000000000000e+02
-2.120000000000000000e+02
1.730000000000000000e+02
1.530000000000000000e+02
7.900000000000000000e+01
7.300000000000000000e+01
