-9.900000000000000000e+02
-9.260000000000000000e+02
8.950000000000000000e+02
8.610000000000000000e+02
-8.260000000000000000e+02
8.170000000000000000e+02
7.830000000000000000e+02
7.270000000000000000e+02
-7.160000000000000000e+02
6.090000000000000000e+02
-6.040000000000000000e+02
5.970000000000000000e+02
-5.140000000000000000e+02
-4.420000000000000000e+02
4.230000000000000000e+02
-2.320000000000000000e+02
1.250000000000000000e+02
-1.140000000000000000e+02
-4.200000000000000000e+01
1.000000000000000000e+00
