9.550000000000000000e+02
9.070000000000000000e+02
-8.600000000000000000e+02
-8.500000000000000000e+02
7.250000000000000000e+02
-7.200000000000000000e+02
6.130000000000000000e+02
-5.960000000000000000e+02
5.830000000000000000e+02
-5.800000000000000000e+02
5.630000000000000000e+02
-4.800000000000000000e+02
4.710000000000000000e+02
-4.240000000000000000e+02
-4.160000000000000000e+02
-1.380000000000000000e+02
-1.160000000000000000e+02
-4.000000000000000000e+01
2.300000000000000000e+01
-1.800000000000000000e+01
