-9.400000000000000000e+02
8.870000000000000000e+02
-8.160000000000000000e+02
8.070000000000000000e+02
-7.580000000000000000e+02
-7.460000000000000000e+02
6.990000000000000000e+02
-6.860000000000000000e+02
6.630000000000000000e+02
-6.520000000000000000e+02
6.330000000000000000e+02
5.650000000000000000e+02
5.170000000000000000e+02
-4.220000000000000000e+02
3.770000000000000000e+02
3.050000000000000000e+02
-2.580000000000000000e+02
1.750000000000000000e+02
1.710000000000000000e+02
1.650000000000000000e+02
