-9.960000000000000000e+02
9.010000000000000000e+02
-8.580000000000000000e+02
-8.300000000000000000e+02
7.750000000000000000e+02
7.570000000000000000e+02
-7.340000000000000000e+02
6.830000000000000000e+02
6.610000000000000000e+02
-6.520000000000000000e+02
-5.720000000000000000e+02
-5.160000000000000000e+02
4.350000000000000000e+02
4.170000000000000000e+02
3.590000000000000000e+02
-3.500000000000000000e+02
-3.280000000000000000e+02
-2.640000000000000000e+02
1.370000000000000000e+02
3.000000000000000000e+00
