-9.500000000000000000e+02
8.670000000000000000e+02
-8.000000000000000000e+02
7.230000000000000000e+02
-6.460000000000000000e+02
-6.020000000000000000e+02
-5.960000000000000000e+02
-5.600000000000000000e+02
4.950000000000000000e+02
4.890000000000000000e+02
-4.740000000000000000e+02
4.670000000000000000e+02
-4.100000000000000000e+02
3.790000000000000000e+02
-2.900000000000000000e+02
-2.340000000000000000e+02
1.590000000000000000e+02
-6.000000000000000000e+01
4.700000000000000000e+01
-2.600000000000000000e+01
