2.848178336176727340e+07
2.020290152374326810e+07
1.589963781881620362e+07
1.253339828828984499e+07
1.166859223126678728e+07
9.018885595489289612e+06
8.321774221822749823e+06
6.484799198764726520e+06
5.197576435991061851e+06
4.146419804682540707e+06
3.817332447390955873e+06
2.406338674022778403e+06
2.216821356175820343e+06
1.606122557108947309e+06
1.035162945890900213e+06
6.724313123784917407e+05
3.685505637756654178e+05
3.167725665849327925e+05
4.014162789711368532e+04
5.355468140716807284e+03
