2.414858396590259299e+07
1.752553762861238420e+07
1.545110238391550444e+07
1.472581899878376536e+07
1.174098913708437048e+07
9.519472830508543178e+06
7.616490765337545425e+06
6.810192078778170981e+06
5.552639044810746796e+06
5.292642271910876036e+06
3.665796159151212312e+06
3.219156012387222145e+06
2.349766889962324873e+06
1.667556298289457336e+06
1.046034639890913386e+06
6.837132088653296232e+05
1.587943353943416732e+05
1.101645865512481250e+05
2.712113705550618397e+04
8.946268080547635009e+02
