2.221500458672181889e+07
1.898028661246280745e+07
1.501962363547288813e+07
1.243763685294142365e+07
1.178262404720355757e+07
9.329814298840353265e+06
7.829683226008069701e+06
7.586906167950195260e+06
7.267741485540850088e+06
5.016696585027228110e+06
4.713787005647750571e+06
4.224632823849979788e+06
2.515198104476830456e+06
1.965397916819665814e+06
1.694750254672705894e+06
1.300717500035105040e+06
6.626466035604502540e+05
2.235665159896624682e+05
9.134761848607704451e+04
4.412815829260711325e+04
