2.214485037026327848e+07
1.992686185089819878e+07
1.496888101063022576e+07
1.295952889895244129e+07
1.155520561766207404e+07
1.035419159475901909e+07
8.717874495267713442e+06
5.561971153463172726e+06
4.819488435506629758e+06
4.178900369645904750e+06
3.535164449552135542e+06
3.063953133664341178e+06
2.496791605830984190e+06
1.899192586500575300e+06
1.366739879912011791e+06
9.908112761366962222e+05
4.791143958575286670e+05
4.117587233306365088e+05
7.815702095485698374e+04
2.229913121159291768e+04
