2.402922926302091777e+07
1.963836397107682005e+07
1.635304479084639624e+07
1.223743161772041954e+07
1.172803339391599409e+07
9.838375354609712958e+06
7.465112214437759481e+06
7.230893519333618693e+06
5.107603239417511970e+06
4.573476742407304235e+06
3.724428586039211135e+06
3.216743029646555427e+06
2.669764139150419272e+06
2.043831957315490814e+06
1.368104218833521241e+06
8.576525304428890813e+05
4.464234190000919625e+05
2.383708764292667329e+05
1.970917859267615422e+05
4.646035042924879963e+04
