2.086271683495309576e+07
1.699184164509795979e+07
1.435855893345644698e+07
1.308755614503486082e+07
1.230878511271550506e+07
1.011474382315306365e+07
9.218538353680003434e+06
8.395877124547777697e+06
6.888572184509735554e+06
5.132696577800220810e+06
4.554678955765925348e+06
4.196298781785723753e+06
3.398083875349756330e+06
2.225471830988082569e+06
1.659996930418846197e+06
1.387147643247045809e+06
9.004549193023998523e+05
5.028061772116365610e+05
1.438883006688725727e+05
6.572850313231814653e+03
