2.406356747331999987e+07
2.066793663735492900e+07
1.607344364160316065e+07
1.430376929455231316e+07
1.069542265736061148e+07
1.017505055567768402e+07
8.483526764940636232e+06
7.847579272100491449e+06
7.233398275114936754e+06
5.790052063087990507e+06
4.133710289956088644e+06
3.539035504883621354e+06
2.174081001477015670e+06
1.719427820013321005e+06
1.704858643434911501e+06
1.139631975886207307e+06
5.902220241282526404e+05
4.417216657955375849e+05
1.146541373238731467e+05
3.992301988505122608e+03
