2.082267726045025513e+07
1.951955731793872640e+07
1.564967164976310171e+07
1.249917836315022781e+07
1.212242638492848538e+07
1.072823436490307562e+07
6.901143218030137941e+06
5.697095491278375499e+06
5.054371101407611743e+06
4.656075694035654888e+06
4.129373321796244010e+06
4.032784855434702244e+06
2.388448337137502152e+06
2.238360927101117093e+06
1.210763421753328526e+06
9.138863792078922270e+05
4.594700109176891274e+05
2.237584513550706906e+05
3.575044962595953257e+04
1.599997848032217007e+02
