2.617551521922755241e+07
1.731863635291882232e+07
1.519248540060525946e+07
1.319231821412696503e+07
1.294680196206130274e+07
1.086311716304613277e+07
9.123751406036745757e+06
8.280631073618886992e+06
7.745224016527818516e+06
6.151861011506424285e+06
5.205599894635772333e+06
4.354346294367770664e+06
2.459937443727058824e+06
1.547038354553694604e+06
1.152703179169424344e+06
8.651340614536330104e+05
5.460719079444759991e+05
2.631765122434193036e+05
1.981078650076507765e+05
2.676672210810850743e+02
