2.009539769819436222e+07
1.729677213402382284e+07
1.524712557505696826e+07
1.310113938070335798e+07
1.098743056393748708e+07
1.020851790330382623e+07
8.823537714193768799e+06
7.475649836257531308e+06
6.344378015561294742e+06
5.302829052714348771e+06
4.298890539972065017e+06
3.610409048781556543e+06
2.417638672870545648e+06
2.089632341795616085e+06
1.047770360910489690e+06
7.871059196212126408e+05
5.192556096045806771e+05
3.602439881629595766e+05
2.224942734761451138e+05
5.741137085812373698e+04
