2.110076225524086505e+07
1.720163814297507331e+07
1.598014187783861160e+07
1.393558200026218034e+07
1.192522892974288575e+07
1.160122862727524899e+07
9.710095214227564633e+06
8.134157223882738501e+06
6.657996303848177195e+06
5.622421256483261473e+06
3.869497307625507936e+06
3.611071468107297551e+06
2.825270026114692446e+06
2.378419508539587259e+06
1.723101583045272622e+06
8.191795776511096628e+05
6.637755521269409219e+05
2.531194126648961974e+05
1.160353260805039026e+05
1.185406267785631371e+03
