2.310498873897976428e+07
1.904473177152521908e+07
1.539153449425975233e+07
1.249322068301103637e+07
1.156385921414538473e+07
1.007066691716854833e+07
8.654936391199026257e+06
6.987707068698357791e+06
6.223712922399713658e+06
4.211584793854122981e+06
3.428303063770515844e+06
2.745027667879856657e+06
1.796302711854297668e+06
1.244359033005026402e+06
8.481359374484017026e+05
6.417083080456716707e+05
4.602427969524778309e+05
2.076518909501079470e+05
5.052191125750861102e+04
1.905683595340397915e+03
