2.300818573074738681e+07
2.082385787309509143e+07
1.682454928028111905e+07
1.480802983040448278e+07
1.317197708459708467e+07
1.030243856810500845e+07
9.551263058192564175e+06
8.214581225526419468e+06
7.618844157157228328e+06
5.286509716592115350e+06
4.473089244701411575e+06
3.856457620830965228e+06
3.603361219495526981e+06
1.991342116111257579e+06
1.454814112511440879e+06
9.994051445169735234e+05
6.226809563126718858e+05
2.711321827761787572e+05
2.265492197441520693e+05
3.079658301056853816e+03
