1.960957801434775814e+07
1.761056776602390036e+07
1.461869405976227485e+07
1.289633788094605319e+07
1.111823747529082559e+07
9.156236933880645782e+06
8.760100934214297682e+06
6.066116090047590435e+06
5.679333612043344416e+06
4.683443419959976338e+06
3.424837291666640900e+06
3.019092658828140702e+06
2.514850242440759204e+06
1.850048541206123307e+06
1.453315652354216669e+06
1.125769969362810254e+06
3.744204384442308219e+05
9.287211470702933730e+04
7.503374697824839677e+04
1.209315749513045375e+04
